1.1Observation
1.1Data Analysis
1.1Organizing Data
1.1Questions
1.1Hypothesis
1.1Experiment
1.1Variable
1.1Independent Variable
1.1Control Group
1.1Dependent Variable
1.1Constant 
