1.0 i18n
1..00 Este es un é con acento
1..01 Este es una ñ
1..02 這是一個樣本 Japanise。
