1.0 أَبْجَدِيَّة عَرَبِيَّة
1..00 أَبْجَدِيَّة عَرَبِ
1..01 Long text node: 
 أَبْجَدِيَّة عَرَب
