1.0 Welcome To WiseMapping
1..00 5 min tutorial video ?
Follow the link !
1..01 Try it Now!
1..0.10 Double Click
1..0.11 Press "enter" to add a 
Sibling
1..0.12 Drag map to move
1..02 Features
1..0.20 Links to Sites
1..0.21 Styles
1..0.2.10 Fonts
1..0.2.11 Topic Shapes
1..0.2.12 Topic Color
1..0.22 Icons
1..0.23 History Changes
1..03 Mind Mapping
1..0.30 Share with Collegues
1..0.31 Online
1..0.32 Anyplace, Anytime
1..0.33 Free!!!
1..04 Productivity
1..0.40 Share your ideas
1..0.41 Brainstorming
1..0.42 Visual 
1..05 Install In Your Server
1..0.50 Open Source
1..0.51 Download
1..06 Collaborate
1..0.60 Embed
1..0.61 Publish
1..0.62 Share for Edition
